16:07:46 **** Incremental Build of configuration Default for project MyProject ****
make all 
make: Nothing to be done for 'all'.
16:08:35 **** Incremental Build of configuration Default for project MyProject ****
make all 
make: Nothing to be done for 'all'.
16:11:28 **** Incremental Build of configuration Default for project MyProject ****
make all 
make: Nothing to be done for 'all'.
16:17:17 **** Incremental Build of configuration Default for project MyProject ****
make all 
[1;34mCompiling main.c[0m
main.c: In function 'main':
main.c:41:6: warning: parameter names (without types) in function declaration
      void set_body_led(on);
      ^~~~
main.c:40:19: warning: unused variable 'off' [-Wunused-variable]
      unsigned int off = 0;
                   ^~~
main.c:39:19: warning: unused variable 'on' [-Wunused-variable]
      unsigned int on = 1;
                   ^~
[1;34mLinking build/Project_template.elf[0m
[1;34mCreating build/Project_template.hex[0m
[1;34mCreating build/Project_template.bin[0m
[1;34mCreating build/Project_template.dmp[0m

   text	   data	    bss	    dec	    hex	filename
  48004	   2948	   6236	  57188	   df64	build/Project_template.elf
[1;34mCreating build/Project_template.list[0m

[1;34mDone[0m
16:17:22 **** Incremental Build of configuration Default for project MyProject ****
make all 
make: Nothing to be done for 'all'.
16:19:57 **** Incremental Build of configuration Default for project MyProject ****
make all 
[1;34mCompiling main.c[0m
main.c: In function 'main':
main.c:41:6: warning: parameter names (without types) in function declaration
      void set_body_led(on);
      ^~~~
main.c:54:6: error: 'str_length' undeclared (first use in this function); did you mean 'strnlen'?
      str_length = sprintf(str, "Printing number %d!\n",value);
      ^~~~~~~~~~
      strnlen
main.c:54:6: note: each undeclared identifier is reported only once for each function it appears in
main.c:54:27: error: 'str' undeclared (first use in this function); did you mean 'sbrk'?
      str_length = sprintf(str, "Printing number %d!\n",value);
                           ^~~
                           sbrk
main.c:57:6: warning: parameter names (without types) in function declaration
      void set_body_led(off);
      ^~~~
main.c:40:19: warning: unused variable 'off' [-Wunused-variable]
      unsigned int off = 0;
                   ^~~
main.c:39:19: warning: unused variable 'on' [-Wunused-variable]
      unsigned int on = 1;
                   ^~
../e-puck2_main-processor/ChibiOS//os/common/ports/ARMCMx/compilers/GCC/rules.mk:216: recipe for target 'build/obj/main.o' failed
make: *** [build/obj/main.o] Error 1
16:20:52 **** Incremental Build of configuration Default for project MyProject ****
make all 
[1;34mCompiling main.c[0m
main.c: In function 'main':
main.c:41:6: warning: parameter names (without types) in function declaration
      void set_body_led(on);
      ^~~~
main.c:58:6: warning: parameter names (without types) in function declaration
      void set_body_led(off);
      ^~~~
main.c:40:19: warning: unused variable 'off' [-Wunused-variable]
      unsigned int off = 0;
                   ^~~
main.c:39:19: warning: unused variable 'on' [-Wunused-variable]
      unsigned int on = 1;
                   ^~
[1;34mLinking build/Project_template.elf[0m
[1;34mCreating build/Project_template.hex[0m
[1;34mCreating build/Project_template.bin[0m
[1;34mCreating build/Project_template.dmp[0m

   text	   data	    bss	    dec	    hex	filename
  48100	   2948	   6236	  57284	   dfc4	build/Project_template.elf
[1;34mCreating build/Project_template.list[0m

[1;34mDone[0m
16:20:58 **** Incremental Build of configuration Default for project MyProject ****
make all 
make: Nothing to be done for 'all'.
16:29:43 **** Incremental Build of configuration Default for project MyProject ****
make all 
[1;34mCompiling main.c[0m
main.c: In function 'main':
main.c:43:6: warning: parameter names (without types) in function declaration
      void set_body_led(on);
      ^~~~
main.c:62:6: warning: parameter names (without types) in function declaration
      void set_body_led(off);
      ^~~~
main.c:42:19: warning: unused variable 'off' [-Wunused-variable]
      unsigned int off = 0;
                   ^~~
main.c:41:19: warning: unused variable 'on' [-Wunused-variable]
      unsigned int on = 1;
                   ^~
[1;34mLinking build/Project_template.elf[0m
[1;34mCreating build/Project_template.hex[0m
[1;34mCreating build/Project_template.bin[0m
[1;34mCreating build/Project_template.dmp[0m

   text	   data	    bss	    dec	    hex	filename
  59620	   2988	  16596	  79204	  13564	build/Project_template.elf
[1;34mCreating build/Project_template.list[0m

[1;34mDone[0m
16:30:53 **** Incremental Build of configuration Default for project MyProject ****
make all 
[1;34mCompiling main.c[0m
[1;34mLinking build/Project_template.elf[0m
[1;34mCreating build/Project_template.hex[0m
[1;34mCreating build/Project_template.bin[0m
[1;34mCreating build/Project_template.dmp[0m

   text	   data	    bss	    dec	    hex	filename
  59700	   2988	  16596	  79284	  135b4	build/Project_template.elf
[1;34mCreating build/Project_template.list[0m

[1;34mDone[0m
16:31:05 **** Incremental Build of configuration Default for project MyProject ****
make all 
make: Nothing to be done for 'all'.
16:32:11 **** Incremental Build of configuration Default for project MyProject ****
make all 
make: Nothing to be done for 'all'.
16:37:07 **** Incremental Build of configuration Default for project MyProject ****
make all 
[1;34mCompiling main.c[0m
[1;34mLinking build/Project_template.elf[0m
[1;34mCreating build/Project_template.hex[0m
[1;34mCreating build/Project_template.bin[0m
[1;34mCreating build/Project_template.dmp[0m

   text	   data	    bss	    dec	    hex	filename
  51508	   2948	   6300	  60756	   ed54	build/Project_template.elf
[1;34mCreating build/Project_template.list[0m

[1;34mDone[0m
16:38:08 **** Incremental Build of configuration Default for project MyProject ****
make all 
make: Nothing to be done for 'all'.
16:38:16 **** Incremental Build of configuration Default for project MyProject ****
make all 
make: Nothing to be done for 'all'.
16:39:14 **** Incremental Build of configuration Default for project MyProject ****
make all 
[1;34mCompiling main.c[0m
[1;34mLinking build/Project_template.elf[0m
[1;34mCreating build/Project_template.hex[0m
[1;34mCreating build/Project_template.bin[0m
[1;34mCreating build/Project_template.dmp[0m

   text	   data	    bss	    dec	    hex	filename
  51508	   2948	   6300	  60756	   ed54	build/Project_template.elf
[1;34mCreating build/Project_template.list[0m

[1;34mDone[0m
16:39:33 **** Incremental Build of configuration Default for project MyProject ****
make all 
make: Nothing to be done for 'all'.
16:46:37 **** Incremental Build of configuration Default for project MyProject ****
make all 
[1;34mCompiling main.c[0m
[1;34mLinking build/Project_template.elf[0m
[1;34mCreating build/Project_template.hex[0m
[1;34mCreating build/Project_template.bin[0m
[1;34mCreating build/Project_template.dmp[0m

   text	   data	    bss	    dec	    hex	filename
  52660	   2956	   6940	  62556	   f45c	build/Project_template.elf
[1;34mCreating build/Project_template.list[0m

[1;34mDone[0m
16:46:41 **** Incremental Build of configuration Default for project MyProject ****
make all 
make: Nothing to be done for 'all'.
16:53:32 **** Incremental Build of configuration Default for project MyProject ****
make all 
[1;34mCompiling main.c[0m
[1;34mLinking build/Project_template.elf[0m
[1;34mCreating build/Project_template.hex[0m
[1;34mCreating build/Project_template.bin[0m
[1;34mCreating build/Project_template.dmp[0m

   text	   data	    bss	    dec	    hex	filename
  56068	   2996	   7836	  66900	  10554	build/Project_template.elf
[1;34mCreating build/Project_template.list[0m

[1;34mDone[0m
16:53:39 **** Incremental Build of configuration Default for project MyProject ****
make all 
make: Nothing to be done for 'all'.
17:07:49 **** Incremental Build of configuration Default for project MyProject ****
make all 
[1;34mCompiling main.c[0m
main.c: In function 'main':
main.c:63:6: error: 'str_length' undeclared (first use in this function); did you mean 'strnlen'?
      str_length = sprintf(str, "Sensing: %d!\n",obs);
      ^~~~~~~~~~
      strnlen
main.c:63:6: note: each undeclared identifier is reported only once for each function it appears in
main.c:63:27: error: 'str' undeclared (first use in this function)
      str_length = sprintf(str, "Sensing: %d!\n",obs);
                           ^~~
../e-puck2_main-processor/ChibiOS//os/common/ports/ARMCMx/compilers/GCC/rules.mk:216: recipe for target 'build/obj/main.o' failed
make: *** [build/obj/main.o] Error 1
17:08:51 **** Incremental Build of configuration Default for project MyProject ****
make all 
[1;34mCompiling main.c[0m
[1;34mLinking build/Project_template.elf[0m
[1;34mCreating build/Project_template.hex[0m
[1;34mCreating build/Project_template.bin[0m
[1;34mCreating build/Project_template.dmp[0m

   text	   data	    bss	    dec	    hex	filename
  56900	   2996	   7852	  67748	  108a4	build/Project_template.elf
[1;34mCreating build/Project_template.list[0m

[1;34mDone[0m
17:09:00 **** Incremental Build of configuration Default for project MyProject ****
make all 
make: Nothing to be done for 'all'.
17:17:22 **** Incremental Build of configuration Default for project MyProject ****
make all 
[1;34mCompiling main.c[0m
[1;34mLinking build/Project_template.elf[0m
[1;34mCreating build/Project_template.hex[0m
[1;34mCreating build/Project_template.bin[0m
[1;34mCreating build/Project_template.dmp[0m

   text	   data	    bss	    dec	    hex	filename
  56932	   2996	   7852	  67780	  108c4	build/Project_template.elf
[1;34mCreating build/Project_template.list[0m

[1;34mDone[0m
17:17:28 **** Incremental Build of configuration Default for project MyProject ****
make all 
make: Nothing to be done for 'all'.
17:25:49 **** Incremental Build of configuration Default for project MyProject ****
make all 
[1;34mCompiling main.c[0m
[1;34mLinking build/Project_template.elf[0m
[1;34mCreating build/Project_template.hex[0m
[1;34mCreating build/Project_template.bin[0m
[1;34mCreating build/Project_template.dmp[0m

   text	   data	    bss	    dec	    hex	filename
  57028	   2996	   7852	  67876	  10924	build/Project_template.elf
[1;34mCreating build/Project_template.list[0m

[1;34mDone[0m
17:25:55 **** Incremental Build of configuration Default for project MyProject ****
make all 
make: Nothing to be done for 'all'.
17:26:56 **** Incremental Build of configuration Default for project MyProject ****
make all 
[1;34mCompiling main.c[0m
[1;34mLinking build/Project_template.elf[0m
[1;34mCreating build/Project_template.hex[0m
[1;34mCreating build/Project_template.bin[0m
[1;34mCreating build/Project_template.dmp[0m

   text	   data	    bss	    dec	    hex	filename
  57028	   2996	   7852	  67876	  10924	build/Project_template.elf
[1;34mCreating build/Project_template.list[0m

[1;34mDone[0m
17:27:00 **** Incremental Build of configuration Default for project MyProject ****
make all 
make: Nothing to be done for 'all'.
17:29:04 **** Incremental Build of configuration Default for project MyProject ****
make all 
[1;34mCompiling main.c[0m
[1;34mLinking build/Project_template.elf[0m
[1;34mCreating build/Project_template.hex[0m
[1;34mCreating build/Project_template.bin[0m
[1;34mCreating build/Project_template.dmp[0m

   text	   data	    bss	    dec	    hex	filename
  57012	   2996	   7852	  67860	  10914	build/Project_template.elf
[1;34mCreating build/Project_template.list[0m

[1;34mDone[0m
17:29:10 **** Incremental Build of configuration Default for project MyProject ****
make all 
make: Nothing to be done for 'all'.
17:32:38 **** Incremental Build of configuration Default for project MyProject ****
make all 
[1;34mCompiling main.c[0m
[1;34mLinking build/Project_template.elf[0m
[1;34mCreating build/Project_template.hex[0m
[1;34mCreating build/Project_template.bin[0m
[1;34mCreating build/Project_template.dmp[0m

   text	   data	    bss	    dec	    hex	filename
  57012	   2996	   7852	  67860	  10914	build/Project_template.elf
[1;34mCreating build/Project_template.list[0m

[1;34mDone[0m
17:32:43 **** Incremental Build of configuration Default for project MyProject ****
make all 
make: Nothing to be done for 'all'.
17:38:45 **** Incremental Build of configuration Default for project MyProject ****
make all 
[1;34mCompiling main.c[0m
[1;34mLinking build/Project_template.elf[0m
[1;34mCreating build/Project_template.hex[0m
[1;34mCreating build/Project_template.bin[0m
[1;34mCreating build/Project_template.dmp[0m

   text	   data	    bss	    dec	    hex	filename
  57012	   2996	   7852	  67860	  10914	build/Project_template.elf
[1;34mCreating build/Project_template.list[0m

[1;34mDone[0m
17:38:49 **** Incremental Build of configuration Default for project MyProject ****
make all 
make: Nothing to be done for 'all'.
17:45:31 **** Incremental Build of configuration Default for project MyProject ****
make all 
[1;34mCompiling main.c[0m
[1;34mLinking build/Project_template.elf[0m
[1;34mCreating build/Project_template.hex[0m
[1;34mCreating build/Project_template.bin[0m
[1;34mCreating build/Project_template.dmp[0m

   text	   data	    bss	    dec	    hex	filename
  57012	   2996	   7852	  67860	  10914	build/Project_template.elf
[1;34mCreating build/Project_template.list[0m

[1;34mDone[0m
17:45:35 **** Incremental Build of configuration Default for project MyProject ****
make all 
make: Nothing to be done for 'all'.
17:46:01 **** Incremental Build of configuration Default for project MyProject ****
make all 
make: Nothing to be done for 'all'.
17:46:06 **** Incremental Build of configuration Default for project MyProject ****
make all 
make: Nothing to be done for 'all'.
17:51:11 **** Incremental Build of configuration Default for project MyProject ****
make all 
[1;34mCompiling main.c[0m
[1;34mLinking build/Project_template.elf[0m
[1;34mCreating build/Project_template.hex[0m
[1;34mCreating build/Project_template.bin[0m
[1;34mCreating build/Project_template.dmp[0m

   text	   data	    bss	    dec	    hex	filename
  57044	   2996	   7852	  67892	  10934	build/Project_template.elf
[1;34mCreating build/Project_template.list[0m

[1;34mDone[0m
17:51:17 **** Incremental Build of configuration Default for project MyProject ****
make all 
make: Nothing to be done for 'all'.
17:52:59 **** Incremental Build of configuration Default for project MyProject ****
make all 
[1;34mCompiling main.c[0m
[1;34mLinking build/Project_template.elf[0m
[1;34mCreating build/Project_template.hex[0m
[1;34mCreating build/Project_template.bin[0m
[1;34mCreating build/Project_template.dmp[0m

   text	   data	    bss	    dec	    hex	filename
  57044	   2996	   7852	  67892	  10934	build/Project_template.elf
[1;34mCreating build/Project_template.list[0m

[1;34mDone[0m
17:53:04 **** Incremental Build of configuration Default for project MyProject ****
make all 
make: Nothing to be done for 'all'.
17:56:30 **** Incremental Build of configuration Default for project MyProject ****
make all 
[1;34mCompiling main.c[0m
[1;34mLinking build/Project_template.elf[0m
[1;34mCreating build/Project_template.hex[0m
[1;34mCreating build/Project_template.bin[0m
[1;34mCreating build/Project_template.dmp[0m

   text	   data	    bss	    dec	    hex	filename
  57060	   2996	   7852	  67908	  10944	build/Project_template.elf
[1;34mCreating build/Project_template.list[0m

[1;34mDone[0m
17:56:35 **** Incremental Build of configuration Default for project MyProject ****
make all 
make: Nothing to be done for 'all'.
