15:30:33 **** Incremental Build of configuration Default for project MyProject ****
make all 
make: Nothing to be done for 'all'.
15:32:50 **** Incremental Build of configuration Default for project MyProject ****
make all 
make: Nothing to be done for 'all'.
15:33:46 **** Incremental Build of configuration Default for project MyProject ****
make all 
make: Nothing to be done for 'all'.
15:33:50 **** Incremental Build of configuration Default for project MyProject ****
make all 
make: Nothing to be done for 'all'.
15:37:00 **** Incremental Build of configuration Default for project MyProject ****
make all 
[1;34mCompiling main.c[0m
[1;34mLinking build/Project_template.elf[0m
[1;34mCreating build/Project_template.hex[0m
[1;34mCreating build/Project_template.bin[0m
[1;34mCreating build/Project_template.dmp[0m

   text	   data	    bss	    dec	    hex	filename
  57060	   2996	   7852	  67908	  10944	build/Project_template.elf
[1;34mCreating build/Project_template.list[0m

[1;34mDone[0m
15:37:12 **** Incremental Build of configuration Default for project MyProject ****
make all 
make: Nothing to be done for 'all'.
16:03:12 **** Incremental Build of configuration Default for project MyProject ****
make all 
[1;34mCompiling main.c[0m
main.c: In function 'main':
main.c:147:25: warning: comparison between signed and unsigned integer expressions [-Wsign-compare]
        if((get_prox(fr) > y) && (get_prox(fr) < x) && (get_prox(fl) > y) && (get_prox(fl) < x)){
                         ^
main.c:147:47: warning: comparison between signed and unsigned integer expressions [-Wsign-compare]
        if((get_prox(fr) > y) && (get_prox(fr) < x) && (get_prox(fl) > y) && (get_prox(fl) < x)){
                                               ^
main.c:147:69: warning: comparison between signed and unsigned integer expressions [-Wsign-compare]
        if((get_prox(fr) > y) && (get_prox(fr) < x) && (get_prox(fl) > y) && (get_prox(fl) < x)){
                                                                     ^
main.c:147:91: warning: comparison between signed and unsigned integer expressions [-Wsign-compare]
        if((get_prox(fr) > y) && (get_prox(fr) < x) && (get_prox(fl) > y) && (get_prox(fl) < x)){
                                                                                           ^
main.c:155:22: warning: comparison between signed and unsigned integer expressions [-Wsign-compare]
     if((get_prox(fr) > y) && (get_prox(fr) < x) && (get_prox(fl) > x)){
                      ^
main.c:155:44: warning: comparison between signed and unsigned integer expressions [-Wsign-compare]
     if((get_prox(fr) > y) && (get_prox(fr) < x) && (get_prox(fl) > x)){
                                            ^
main.c:155:66: warning: comparison between signed and unsigned integer expressions [-Wsign-compare]
     if((get_prox(fr) > y) && (get_prox(fr) < x) && (get_prox(fl) > x)){
                                                                  ^
main.c:163:22: warning: comparison between signed and unsigned integer expressions [-Wsign-compare]
     if((get_prox(fl) > y) && (get_prox(fl) < x) && (get_prox(fr) > x)){
                      ^
main.c:163:44: warning: comparison between signed and unsigned integer expressions [-Wsign-compare]
     if((get_prox(fl) > y) && (get_prox(fl) < x) && (get_prox(fr) > x)){
                                            ^
main.c:163:66: warning: comparison between signed and unsigned integer expressions [-Wsign-compare]
     if((get_prox(fl) > y) && (get_prox(fl) < x) && (get_prox(fr) > x)){
                                                                  ^
main.c:171:22: warning: comparison between signed and unsigned integer expressions [-Wsign-compare]
     if((get_prox(fr) > y) && (get_prox(fr) < x) && (get_prox(fl) < y)){
                      ^
main.c:171:44: warning: comparison between signed and unsigned integer expressions [-Wsign-compare]
     if((get_prox(fr) > y) && (get_prox(fr) < x) && (get_prox(fl) < y)){
                                            ^
main.c:171:66: warning: comparison between signed and unsigned integer expressions [-Wsign-compare]
     if((get_prox(fr) > y) && (get_prox(fr) < x) && (get_prox(fl) < y)){
                                                                  ^
main.c:179:22: warning: comparison between signed and unsigned integer expressions [-Wsign-compare]
     if((get_prox(fl) > y) && (get_prox(fl) < x) && (get_prox(fr) < y)){
                      ^
main.c:179:44: warning: comparison between signed and unsigned integer expressions [-Wsign-compare]
     if((get_prox(fl) > y) && (get_prox(fl) < x) && (get_prox(fr) < y)){
                                            ^
main.c:179:66: warning: comparison between signed and unsigned integer expressions [-Wsign-compare]
     if((get_prox(fl) > y) && (get_prox(fl) < x) && (get_prox(fr) < y)){
                                                                  ^
main.c:187:25: warning: comparison between signed and unsigned integer expressions [-Wsign-compare]
        if((get_prox(fl) > x) && (get_prox(fr) > x) && ((get_prox(frr) < x) || (get_prox(rr) < x) || (get_prox(br) < x))){
                         ^
main.c:187:47: warning: comparison between signed and unsigned integer expressions [-Wsign-compare]
        if((get_prox(fl) > x) && (get_prox(fr) > x) && ((get_prox(frr) < x) || (get_prox(rr) < x) || (get_prox(br) < x))){
                                               ^
main.c:187:71: warning: comparison between signed and unsigned integer expressions [-Wsign-compare]
        if((get_prox(fl) > x) && (get_prox(fr) > x) && ((get_prox(frr) < x) || (get_prox(rr) < x) || (get_prox(br) < x))){
                                                                       ^
main.c:187:93: warning: comparison between signed and unsigned integer expressions [-Wsign-compare]
        if((get_prox(fl) > x) && (get_prox(fr) > x) && ((get_prox(frr) < x) || (get_prox(rr) < x) || (get_prox(br) < x))){
                                                                                             ^
main.c:187:115: warning: comparison between signed and unsigned integer expressions [-Wsign-compare]
        if((get_prox(fl) > x) && (get_prox(fr) > x) && ((get_prox(frr) < x) || (get_prox(rr) < x) || (get_prox(br) < x))){
                                                                                                                   ^
main.c:195:25: warning: comparison between signed and unsigned integer expressions [-Wsign-compare]
        if((get_prox(fl) > x) && (get_prox(fr) > x) && ((get_prox(fll) < x) || (get_prox(ll) < x) || (get_prox(bl) < x))){
                         ^
main.c:195:47: warning: comparison between signed and unsigned integer expressions [-Wsign-compare]
        if((get_prox(fl) > x) && (get_prox(fr) > x) && ((get_prox(fll) < x) || (get_prox(ll) < x) || (get_prox(bl) < x))){
                                               ^
main.c:195:71: warning: comparison between signed and unsigned integer expressions [-Wsign-compare]
        if((get_prox(fl) > x) && (get_prox(fr) > x) && ((get_prox(fll) < x) || (get_prox(ll) < x) || (get_prox(bl) < x))){
                                                                       ^
main.c:195:93: warning: comparison between signed and unsigned integer expressions [-Wsign-compare]
        if((get_prox(fl) > x) && (get_prox(fr) > x) && ((get_prox(fll) < x) || (get_prox(ll) < x) || (get_prox(bl) < x))){
                                                                                             ^
main.c:195:115: warning: comparison between signed and unsigned integer expressions [-Wsign-compare]
        if((get_prox(fl) > x) && (get_prox(fr) > x) && ((get_prox(fll) < x) || (get_prox(ll) < x) || (get_prox(bl) < x))){
                                                                                                                   ^
main.c:203:25: warning: comparison between signed and unsigned integer expressions [-Wsign-compare]
        if((get_prox(fr) < y) && (get_prox(fl) < y)){
                         ^
main.c:203:47: warning: comparison between signed and unsigned integer expressions [-Wsign-compare]
        if((get_prox(fr) < y) && (get_prox(fl) < y)){
                                               ^
main.c:211:25: warning: comparison between signed and unsigned integer expressions [-Wsign-compare]
        if((get_prox(fl) > y) && (get_prox(fl) < x) && (get_prox(fr) > y) && (get_prox(fr) < x)){
                         ^
main.c:211:47: warning: comparison between signed and unsigned integer expressions [-Wsign-compare]
        if((get_prox(fl) > y) && (get_prox(fl) < x) && (get_prox(fr) > y) && (get_prox(fr) < x)){
                                               ^
main.c:211:69: warning: comparison between signed and unsigned integer expressions [-Wsign-compare]
        if((get_prox(fl) > y) && (get_prox(fl) < x) && (get_prox(fr) > y) && (get_prox(fr) < x)){
                                                                     ^
main.c:211:91: warning: comparison between signed and unsigned integer expressions [-Wsign-compare]
        if((get_prox(fl) > y) && (get_prox(fl) < x) && (get_prox(fr) > y) && (get_prox(fr) < x)){
                                                                                           ^
main.c:77:16: warning: unused variable 'a' [-Wunused-variable]
   unsigned int a = 3000;
                ^
[1;34mLinking build/Project_template.elf[0m
[1;34mCreating build/Project_template.hex[0m
[1;34mCreating build/Project_template.bin[0m
[1;34mCreating build/Project_template.dmp[0m

   text	   data	    bss	    dec	    hex	filename
  57060	   2996	   7852	  67908	  10944	build/Project_template.elf
[1;34mCreating build/Project_template.list[0m

[1;34mDone[0m
16:03:43 **** Incremental Build of configuration Default for project MyProject ****
make all 
[1;34mCompiling main.c[0m
main.c: In function 'main':
main.c:77:8: warning: unused variable 'a' [-Wunused-variable]
    int a = 3000;
        ^
[1;34mLinking build/Project_template.elf[0m
[1;34mCreating build/Project_template.hex[0m
[1;34mCreating build/Project_template.bin[0m
[1;34mCreating build/Project_template.dmp[0m

   text	   data	    bss	    dec	    hex	filename
  57300	   2996	   7852	  68148	  10a34	build/Project_template.elf
[1;34mCreating build/Project_template.list[0m

[1;34mDone[0m
16:04:04 **** Incremental Build of configuration Default for project MyProject ****
make all 
make: Nothing to be done for 'all'.
16:04:38 **** Incremental Build of configuration Default for project MyProject ****
make all 
make: Nothing to be done for 'all'.
16:04:45 **** Incremental Build of configuration Default for project MyProject ****
make all 
make: Nothing to be done for 'all'.
16:05:01 **** Incremental Build of configuration Default for project MyProject ****
make all 
make: Nothing to be done for 'all'.
16:05:05 **** Incremental Build of configuration Default for project MyProject ****
make all 
make: Nothing to be done for 'all'.
16:14:09 **** Incremental Build of configuration Default for project MyProject ****
make all 
[1;34mCompiling main.c[0m
main.c: In function 'main':
main.c:222:7: error: 'str_length' undeclared (first use in this function); did you mean 'strnlen'?
       str_length = sprintf(str, "%d!\n",value);
       ^~~~~~~~~~
       strnlen
main.c:222:7: note: each undeclared identifier is reported only once for each function it appears in
main.c:222:28: error: 'str' undeclared (first use in this function)
       str_length = sprintf(str, "%d!\n",value);
                            ^~~
main.c:77:8: warning: unused variable 'a' [-Wunused-variable]
    int a = 3000;
        ^
../e-puck2_main-processor/ChibiOS//os/common/ports/ARMCMx/compilers/GCC/rules.mk:216: recipe for target 'build/obj/main.o' failed
make: *** [build/obj/main.o] Error 1
16:14:36 **** Incremental Build of configuration Default for project MyProject ****
make all 
[1;34mCompiling main.c[0m
main.c: In function 'main':
main.c:77:8: warning: unused variable 'a' [-Wunused-variable]
    int a = 3000;
        ^
[1;34mLinking build/Project_template.elf[0m
[1;34mCreating build/Project_template.hex[0m
[1;34mCreating build/Project_template.bin[0m
[1;34mCreating build/Project_template.dmp[0m

   text	   data	    bss	    dec	    hex	filename
  56052	   2996	   7836	  66884	  10544	build/Project_template.elf
[1;34mCreating build/Project_template.list[0m

[1;34mDone[0m
16:14:40 **** Incremental Build of configuration Default for project MyProject ****
make all 
make: Nothing to be done for 'all'.
16:20:26 **** Incremental Build of configuration Default for project MyProject ****
make all 
[1;34mCompiling main.c[0m
[1;34mLinking build/Project_template.elf[0m
[1;34mCreating build/Project_template.hex[0m
[1;34mCreating build/Project_template.bin[0m
[1;34mCreating build/Project_template.dmp[0m

   text	   data	    bss	    dec	    hex	filename
  56052	   2996	   7836	  66884	  10544	build/Project_template.elf
[1;34mCreating build/Project_template.list[0m

[1;34mDone[0m
16:20:38 **** Incremental Build of configuration Default for project MyProject ****
make all 
[1;34mCompiling main.c[0m
[1;34mLinking build/Project_template.elf[0m
[1;34mCreating build/Project_template.hex[0m
[1;34mCreating build/Project_template.bin[0m
[1;34mCreating build/Project_template.dmp[0m

   text	   data	    bss	    dec	    hex	filename
  57284	   2996	   7852	  68132	  10a24	build/Project_template.elf
[1;34mCreating build/Project_template.list[0m

[1;34mDone[0m
16:20:43 **** Incremental Build of configuration Default for project MyProject ****
make all 
make: Nothing to be done for 'all'.
16:25:35 **** Incremental Build of configuration Default for project MyProject ****
make all 
make: Nothing to be done for 'all'.
16:25:41 **** Incremental Build of configuration Default for project MyProject ****
make all 
[1;34mCompiling main.c[0m
[1;34mLinking build/Project_template.elf[0m
[1;34mCreating build/Project_template.hex[0m
[1;34mCreating build/Project_template.bin[0m
[1;34mCreating build/Project_template.dmp[0m

   text	   data	    bss	    dec	    hex	filename
  56052	   2996	   7836	  66884	  10544	build/Project_template.elf
[1;34mCreating build/Project_template.list[0m

[1;34mDone[0m
16:25:45 **** Incremental Build of configuration Default for project MyProject ****
make all 
make: Nothing to be done for 'all'.
16:32:53 **** Incremental Build of configuration Default for project MyProject ****
make all 
[1;34mCompiling main.c[0m
[1;34mLinking build/Project_template.elf[0m
[1;34mCreating build/Project_template.hex[0m
[1;34mCreating build/Project_template.bin[0m
[1;34mCreating build/Project_template.dmp[0m

   text	   data	    bss	    dec	    hex	filename
  56164	   2996	   7836	  66996	  105b4	build/Project_template.elf
[1;34mCreating build/Project_template.list[0m

[1;34mDone[0m
16:32:58 **** Incremental Build of configuration Default for project MyProject ****
make all 
make: Nothing to be done for 'all'.
16:34:21 **** Incremental Build of configuration Default for project MyProject ****
make all 
[1;34mCompiling main.c[0m
[1;34mLinking build/Project_template.elf[0m
[1;34mCreating build/Project_template.hex[0m
[1;34mCreating build/Project_template.bin[0m
[1;34mCreating build/Project_template.dmp[0m

   text	   data	    bss	    dec	    hex	filename
  57284	   2996	   7852	  68132	  10a24	build/Project_template.elf
[1;34mCreating build/Project_template.list[0m

[1;34mDone[0m
16:34:26 **** Incremental Build of configuration Default for project MyProject ****
make all 
make: Nothing to be done for 'all'.
16:38:09 **** Incremental Build of configuration Default for project MyProject ****
make all 
[1;34mCompiling main.c[0m
[1;34mLinking build/Project_template.elf[0m
[1;34mCreating build/Project_template.hex[0m
[1;34mCreating build/Project_template.bin[0m
[1;34mCreating build/Project_template.dmp[0m

   text	   data	    bss	    dec	    hex	filename
  57268	   2996	   7852	  68116	  10a14	build/Project_template.elf
[1;34mCreating build/Project_template.list[0m

[1;34mDone[0m
16:38:23 **** Incremental Build of configuration Default for project MyProject ****
make all 
make: Nothing to be done for 'all'.
16:46:14 **** Incremental Build of configuration Default for project MyProject ****
make all 
[1;34mCompiling main.c[0m
[1;34mLinking build/Project_template.elf[0m
[1;34mCreating build/Project_template.hex[0m
[1;34mCreating build/Project_template.bin[0m
[1;34mCreating build/Project_template.dmp[0m

   text	   data	    bss	    dec	    hex	filename
  57268	   2996	   7852	  68116	  10a14	build/Project_template.elf
[1;34mCreating build/Project_template.list[0m

[1;34mDone[0m
16:46:23 **** Incremental Build of configuration Default for project MyProject ****
make all 
make: Nothing to be done for 'all'.
17:00:00 **** Incremental Build of configuration Default for project MyProject ****
make all 
[1;34mCompiling main.c[0m
main.c: In function 'main':
main.c:79:8: error: redefinition of 'far'
    int far = 1000;
        ^~~
main.c:78:8: note: previous definition of 'far' was here
    int far = 75;
        ^~~
main.c:152:25: warning: comparison between pointer and integer
        if((get_prox(fr) < close) && (get_prox(fr) > far) && (get_prox(fl) < close) && (get_prox(fl) > far)){
                         ^
main.c:152:75: warning: comparison between pointer and integer
        if((get_prox(fr) < close) && (get_prox(fr) > far) && (get_prox(fl) < close) && (get_prox(fl) > far)){
                                                                           ^
main.c:160:22: warning: comparison between pointer and integer
     if((get_prox(fr) < close) && (get_prox(fr) > far) && (get_prox(fl) < far)){
                      ^
main.c:168:22: warning: comparison between pointer and integer
     if((get_prox(fl) < close) && (get_prox(fl) > far) && (get_prox(fr) < far)){
                      ^
main.c:176:22: warning: comparison between pointer and integer
     if((get_prox(fr) < close) && (get_prox(fr) > far) && (get_prox(fl) > close)){
../e-puck2_main-processor/ChibiOS//os/common/ports/ARMCMx/compilers/GCC/rules.mk:216: recipe for target 'build/obj/main.o' failed
                      ^
main.c:176:72: warning: comparison between pointer and integer
     if((get_prox(fr) < close) && (get_prox(fr) > far) && (get_prox(fl) > close)){
                                                                        ^
main.c:184:22: warning: comparison between pointer and integer
     if((get_prox(fl) < close) && (get_prox(fl) > far) && (get_prox(fr) > close)){
                      ^
main.c:184:72: warning: comparison between pointer and integer
     if((get_prox(fl) < close) && (get_prox(fl) > far) && (get_prox(fr) > close)){
                                                                        ^
main.c:208:25: warning: comparison between pointer and integer
        if((get_prox(fr) > close) && (get_prox(fl) > close)){
                         ^
main.c:208:51: warning: comparison between pointer and integer
        if((get_prox(fr) > close) && (get_prox(fl) > close)){
                                                   ^
main.c:214:57: warning: comparison between pointer and integer
     right_motor_set_speed(-200);       if((get_prox(fl) < close) && (get_prox(fl) > (2*far)) && (get_prox(fr) < close) && (get_prox(fr) > (2*far))){
                                                         ^
main.c:214:111: warning: comparison between pointer and integer
     right_motor_set_speed(-200);       if((get_prox(fl) < close) && (get_prox(fl) > (2*far)) && (get_prox(fr) < close) && (get_prox(fr) > (2*far))){
                                                                                                               ^
make: *** [build/obj/main.o] Error 1
17:00:59 **** Incremental Build of configuration Default for project MyProject ****
make all 
[1;34mCompiling main.c[0m
[1;34mLinking build/Project_template.elf[0m
[1;34mCreating build/Project_template.hex[0m
[1;34mCreating build/Project_template.bin[0m
[1;34mCreating build/Project_template.dmp[0m

   text	   data	    bss	    dec	    hex	filename
  57172	   2996	   7852	  68020	  109b4	build/Project_template.elf
[1;34mCreating build/Project_template.list[0m

[1;34mDone[0m
17:01:08 **** Incremental Build of configuration Default for project MyProject ****
make all 
make: Nothing to be done for 'all'.
17:01:16 **** Incremental Build of configuration Default for project MyProject ****
make all 
make: Nothing to be done for 'all'.
17:06:38 **** Incremental Build of configuration Default for project MyProject ****
make all 
[1;34mCompiling main.c[0m
[1;34mLinking build/Project_template.elf[0m
[1;34mCreating build/Project_template.hex[0m
[1;34mCreating build/Project_template.bin[0m
[1;34mCreating build/Project_template.dmp[0m

   text	   data	    bss	    dec	    hex	filename
  57172	   2996	   7852	  68020	  109b4	build/Project_template.elf
[1;34mCreating build/Project_template.list[0m

[1;34mDone[0m
17:06:41 **** Incremental Build of configuration Default for project MyProject ****
make all 
make: Nothing to be done for 'all'.
17:14:39 **** Incremental Build of configuration Default for project MyProject ****
make all 
[1;34mCompiling main.c[0m
[1;34mLinking build/Project_template.elf[0m
[1;34mCreating build/Project_template.hex[0m
[1;34mCreating build/Project_template.bin[0m
[1;34mCreating build/Project_template.dmp[0m

   text	   data	    bss	    dec	    hex	filename
  57300	   2996	   7852	  68148	  10a34	build/Project_template.elf
[1;34mCreating build/Project_template.list[0m

[1;34mDone[0m
17:14:43 **** Incremental Build of configuration Default for project MyProject ****
make all 
make: Nothing to be done for 'all'.
17:24:53 **** Incremental Build of configuration Default for project MyProject ****
make all 
[1;34mCompiling main.c[0m
[1;34mLinking build/Project_template.elf[0m
[1;34mCreating build/Project_template.hex[0m
[1;34mCreating build/Project_template.bin[0m
[1;34mCreating build/Project_template.dmp[0m

   text	   data	    bss	    dec	    hex	filename
  57460	   2996	   7852	  68308	  10ad4	build/Project_template.elf
[1;34mCreating build/Project_template.list[0m

[1;34mDone[0m
17:25:04 **** Incremental Build of configuration Default for project MyProject ****
make all 
make: Nothing to be done for 'all'.
17:27:21 **** Incremental Build of configuration Default for project MyProject ****
make all 
[1;34mCompiling main.c[0m
[1;34mLinking build/Project_template.elf[0m
[1;34mCreating build/Project_template.hex[0m
[1;34mCreating build/Project_template.bin[0m
[1;34mCreating build/Project_template.dmp[0m

   text	   data	    bss	    dec	    hex	filename
  57444	   2996	   7852	  68292	  10ac4	build/Project_template.elf
[1;34mCreating build/Project_template.list[0m

[1;34mDone[0m
17:27:25 **** Incremental Build of configuration Default for project MyProject ****
make all 
make: Nothing to be done for 'all'.
17:34:04 **** Incremental Build of configuration Default for project MyProject ****
make all 
[1;34mCompiling main.c[0m
main.c: In function 'main':
main.c:80:8: warning: unused variable 'tooclose' [-Wunused-variable]
    int tooclose = 1700;
        ^~~~~~~~
[1;34mLinking build/Project_template.elf[0m
[1;34mCreating build/Project_template.hex[0m
[1;34mCreating build/Project_template.bin[0m
[1;34mCreating build/Project_template.dmp[0m

   text	   data	    bss	    dec	    hex	filename
  57380	   2996	   7852	  68228	  10a84	build/Project_template.elf
[1;34mCreating build/Project_template.list[0m

[1;34mDone[0m
17:34:13 **** Incremental Build of configuration Default for project MyProject ****
make all 
make: Nothing to be done for 'all'.
17:37:29 **** Incremental Build of configuration Default for project MyProject ****
make all 
[1;34mCompiling main.c[0m
main.c: In function 'main':
main.c:80:8: warning: unused variable 'tooclose' [-Wunused-variable]
    int tooclose = 1700;
        ^~~~~~~~
[1;34mLinking build/Project_template.elf[0m
[1;34mCreating build/Project_template.hex[0m
[1;34mCreating build/Project_template.bin[0m
[1;34mCreating build/Project_template.dmp[0m

   text	   data	    bss	    dec	    hex	filename
  57380	   2996	   7852	  68228	  10a84	build/Project_template.elf
[1;34mCreating build/Project_template.list[0m

[1;34mDone[0m
17:37:38 **** Incremental Build of configuration Default for project MyProject ****
make all 
make: Nothing to be done for 'all'.
17:41:46 **** Incremental Build of configuration Default for project MyProject ****
make all 
[1;34mCompiling main.c[0m
main.c: In function 'main':
main.c:80:8: warning: unused variable 'tooclose' [-Wunused-variable]
    int tooclose = 1700;
        ^~~~~~~~
[1;34mLinking build/Project_template.elf[0m
[1;34mCreating build/Project_template.hex[0m
[1;34mCreating build/Project_template.bin[0m
[1;34mCreating build/Project_template.dmp[0m

   text	   data	    bss	    dec	    hex	filename
  57380	   2996	   7852	  68228	  10a84	build/Project_template.elf
[1;34mCreating build/Project_template.list[0m

[1;34mDone[0m
17:41:56 **** Incremental Build of configuration Default for project MyProject ****
make all 
make: Nothing to be done for 'all'.
17:43:59 **** Incremental Build of configuration Default for project MyProject ****
make all 
[1;34mCompiling main.c[0m
main.c: In function 'main':
main.c:80:8: warning: unused variable 'tooclose' [-Wunused-variable]
    int tooclose = 1700;
        ^~~~~~~~
[1;34mLinking build/Project_template.elf[0m
[1;34mCreating build/Project_template.hex[0m
[1;34mCreating build/Project_template.bin[0m
[1;34mCreating build/Project_template.dmp[0m

   text	   data	    bss	    dec	    hex	filename
  57396	   2996	   7852	  68244	  10a94	build/Project_template.elf
[1;34mCreating build/Project_template.list[0m

[1;34mDone[0m
17:44:03 **** Incremental Build of configuration Default for project MyProject ****
make all 
make: Nothing to be done for 'all'.
17:48:20 **** Incremental Build of configuration Default for project MyProject ****
make all 
[1;34mCompiling main.c[0m
main.c: In function 'main':
main.c:80:8: warning: unused variable 'tooclose' [-Wunused-variable]
    int tooclose = 1700;
        ^~~~~~~~
[1;34mLinking build/Project_template.elf[0m
[1;34mCreating build/Project_template.hex[0m
[1;34mCreating build/Project_template.bin[0m
[1;34mCreating build/Project_template.dmp[0m

   text	   data	    bss	    dec	    hex	filename
  57252	   2996	   7852	  68100	  10a04	build/Project_template.elf
[1;34mCreating build/Project_template.list[0m

[1;34mDone[0m
17:48:23 **** Incremental Build of configuration Default for project MyProject ****
make all 
make: Nothing to be done for 'all'.
